✔ restart before a gesture or after durable intent does not mutate provider state (3.213103ms)
✔ restart after provider mutation, ambiguity, or confirmation never permits a second booking (1.18578ms)
✔ handoff during an awaited gesture invalidates its authorization before any click (4.524452ms)
✔ handoff fences an awaited gesture immediately while the durable pause is still committing (1.210738ms)
✔ manifest content rejects contradictory visa review and booking evidence instead of synthesizing it (21.512693ms)
✔ framed native, background, and compiled content path revokes a delayed gesture before completed handoff (13.574907ms)
✔ compiled content rejects a framed commit after its trusted operation deadline (124.916454ms)
✔ an expired compiled intent commit leaves no late intent value or gesture (22.142859ms)
✔ abort is acknowledged in compiled content before a delayed framed commit (9.264757ms)
✔ original deadline and cancellation overtake a commit held between background and content (209.438391ms)
✔ acknowledged revoke settles a held commit before the same native channel resumes (7.440969ms)
✔ framed commit coordinates a held cancelled cancellation acknowledgement (13.029058ms)
✔ framed commit coordinates a held failed cancellation acknowledgement (7.587119ms)
✔ framed commit coordinates a held malformed cancellation acknowledgement (5.37608ms)
✔ framed commit coordinates a held timeout cancellation acknowledgement (105.349972ms)
✔ framed commit coordinates a held settled cancellation acknowledgement (5.892946ms)
✔ compiled content preserves one absolute expiry across delayed prepare delivery (146.00521ms)
✔ compiled content commits the exact form rendered by the loopback portal (39.830039ms)
✔ browser protocol accepts only exact typed inspect and allowlisted gesture messages (3.992113ms)
✔ browser responses are exact, bounded, bound to page state, and exclude sensitive readback (1.44534ms)
✔ extension background independently validates sender and exact native response (1.724378ms)
✔ extension background forwards an exact native request to its bound content tab and wraps the typed result (1.142826ms)
✔ extension background rejects a wrong-version document binding acknowledgement (0.470927ms)
✔ extension protocol rejects empty, nonpositive, and unbounded binding values before dispatch (0.55962ms)
✔ compiled content boundary recognizes adapter fields and clicks one fixed allowlisted target (3.196078ms)
✔ compiled content submits only the exact reviewed slot and durable intent (5.939096ms)
✔ manifest content artifact parses and installs as a classic script (1.887974ms)
✔ actual background and compiled content bind one epoch and revoke a prepared gesture before click (4.116158ms)
✔ compiled content recognizes every advertised typed page snapshot (7.147905ms)
✔ background rebinds an exact sequence baseline when navigation installs a fresh content document (4.0705ms)
✔ background revocation invalidates an operation suspended while binding its document (8.868132ms)
✔ background acknowledges cancellation while a gesture is suspended binding its document (1.410297ms)
✔ background reports settled when cancellation follows forwarded mutation and a late acknowledgement (3.201215ms)
✔ compiled fresh document acknowledges current epoch revocation before any rebind (2.126162ms)
✔ compiled content never revives a revoked epoch from a delayed document bind (4.829519ms)
✔ background retires a delayed bind delivered to a replacement document after revoke (3.181315ms)
✔ session rechecks the trusted fence after awaits and immediately before a gesture (3.63086ms)
✔ final gesture guard rejects cancellation that occurs after authorization (0.770687ms)
✔ navigation wait is fenced by the captured epoch and never replays a committed gesture (4.360255ms)
✔ handoff durably pauses before invalidating ownership and rejects a late response (1.695435ms)
✔ handoff releases a non-settling browser continuation immediately after the durable pause (6.706948ms)
✔ resume creates a fresh epoch only after exact identity subject and terms preflight (0.71263ms)
✔ one registry grants only one exclusive browser epoch per profile (0.408494ms)
✔ an operation from an invalidated epoch cannot regain authorization after resume (2.062706ms)
✔ an operation held in its first fence cannot enter a later resumed epoch (1.171529ms)
✔ failed durable pause faults the epoch until explicit recovery and never releases its worker (0.660482ms)
✔ commit-then-reject pause ambiguity stays faulted without releasing or retrying the worker (0.580591ms)
✔ shutdown during resume preflight permanently cancels reacquisition and releases the profile (1.738169ms)
✔ resume is single-flight and cannot overlap a handoff release (0.880331ms)
✔ native messaging reads a message across arbitrary backpressure-safe chunks (4.681548ms)
✔ native messaging rejects truncated, oversized, and trailing frames with fixed safe errors (5.632305ms)
✔ native messaging waits for a delayed write callback (7.604395ms)
✔ native writer contains callback, destroy, and delayed raw stream errors behind fixed safe failures (338.449636ms)
✔ native transport bounds a stalled write on timeout and close without unhandled rejection (322.311125ms)
✔ native host independently rejects wrong binding and replay before dispatch (1.867654ms)
✔ native host transport sends one framed request and validates the exact framed extension response (2.746983ms)
✔ native transport activates an exact browser binding and commits a gesture only after final authorization (2.414925ms)
✔ native transport can queue an acknowledged revocation behind a prepared gesture without committing it (4.298192ms)
✔ native transport waits for in-flight activation before sending revocation (2.652061ms)
✔ native transport bounds missing responses and fails closed after EOF without accepting late frames (12.442097ms)
✔ native transport rejects type-coerced control acknowledgements before sending an operation (0.843857ms)
✔ native transport rejects every pending exchange when one concurrent write fails (1.517909ms)
✔ native host manifest binds one extension to an absolute executable path (0.244377ms)
✔ synthetic portal exposes every required page/result class without private data (2.674745ms)
✔ calendar pagination, slot race, confirmation, ambiguity, and authoritative readback are deterministic (1.267192ms)
✔ synthetic portal server binds loopback, checks origin, and maps 403/429 states (51.209121ms)
✔ served portal HTML mirrors authoritative state and its fixed form controls complete the workflow (53.467902ms)
✔ every versioned visa page contract accepts only its exact bounded field set (3.515107ms)
✔ pre-submit review is exact and bound to candidate identity roster terms and appointment absence (10.022425ms)
✔ synthetic execution requires a reserved running action, rechecks the fence, and verifies exact readback (1.521945ms)
✔ synthetic execution refuses unreserved, existing-appointment, and drifted preflight states before mutation (1.597208ms)
✔ compiled synthetic page observation is contiguous and every poll restarts from page one (166.051582ms)
✔ compiled page metadata drift and omission cannot produce a narrowing observation (133.739858ms)
✔ compiled checkpoint pages preserve distinct paused observation classes (35.416023ms)
✔ read-only disappearance rejects candidate A and a later fresh poll may return distinct candidate B (75.233224ms)
✔ reserved execution rereads page evidence and never selects a replacement candidate (42.383923ms)
✔ visa scope is one exact new Beijing group appointment and rejects prohibited changes (3.723899ms)
✔ visa coverage must be complete, contiguous, fresh-bound, and match identity roster terms and absence (0.914713ms)
✔ visa policy accepts inclusive boundary dates and deterministically selects earliest time with stable tie-break (8.244907ms)
✔ visa policy rejects wrong date location timezone roster and non-unique evidence (0.96609ms)
✔ service runtime executes a real durable reservation through BrowserSession and encrypted intent journal (90.921433ms)
✔ encrypted runtime completes exact visa review, confirmation, and readback through asynchronous HTTP form navigation (198.428404ms)
✔ ambiguous asynchronous HTTP submission restarts verification-only and never replays the form (161.043154ms)
✔ asynchronous HTTP destination timeout stays unknown and never submits after late navigation (109.043627ms)
✔ unexpected fresh HTTP destination fails the exact review contract without submission (84.434235ms)
✔ an expired retained grant cannot dispatch a reserved visa mutation (12.206003ms)
✔ connection revocation while slot selection is awaited prevents visa submission (26.399037ms)
✔ verification-only recovery reads back from the exact ambiguous page state (44.644326ms)
✔ a non-cooperative visa gesture releases the worker and discards late resolve (35.468803ms)
✔ a non-cooperative visa gesture releases the worker and discards late reject (35.101902ms)
✔ a non-cooperative visa readback releases the worker and discards late resolve (83.491481ms)
✔ a non-cooperative visa readback releases the worker and discards late reject (90.265612ms)
✔ journaled visa intent reaches the portal without transport-side provider injection (37.890827ms)
✔ restart after before_submit is verification-only and never submits twice (29.337278ms)
✔ restart after after_submit is verification-only and never submits twice (31.744933ms)
✔ restart after after_confirmation is verification-only and never submits twice (34.354119ms)
✔ an abrupt process restart before_intent durably becomes unknown without replay (16.799038ms)
✔ an abrupt process restart after_intent durably becomes unknown without replay (17.744777ms)
✔ an abrupt process restart after_mutation durably becomes unknown without replay (26.919839ms)
✔ an abrupt process restart after_confirmation durably becomes unknown without replay (29.534765ms)
✔ owner revoke releases held selection and fences its late resolve (28.993061ms)
✔ owner revoke releases held selection and fences its late reject (27.631457ms)
✔ owner revoke between async authority check and final gesture authorization denies the gesture (28.846838ms)
✔ owner revoke after submission retains unknown and explicit exact readback consumes revoked allowance (44.280415ms)
✔ owner revoke during asynchronous HTTP submission stays unknown then verifies without replay (115.531069ms)
✔ revoked non-cooperative adapter denies late confirmation and consumes late resolve (18.940351ms)
✔ revoked non-cooperative adapter denies late confirmation and consumes late reject (15.495661ms)
✔ revoked reservation retains unknown on empty readback (15.992297ms)
✔ revoked reservation retains unknown on wrong readback (18.668243ms)
✔ revoked reservation retains unknown on incomplete readback (15.2019ms)
✔ ambiguous submission is unknown and verification-only; the executor never submits twice (4.134526ms)
✔ verification requires exact reference status Beijing date time and complete roster (1.102786ms)
✔ verification-only recovery requires the exact retained adapter and grant binding (0.901213ms)
✔ confirmation and authoritative appointment readback are distinct and retain one reference (0.765469ms)
✔ a thrown transport error after submit is fixed unknown and never exposes or retries it (0.956536ms)
✔ repository ships no live native-host registration (0.190506ms)
ℹ tests 116
ℹ suites 0
ℹ pass 116
ℹ fail 0
ℹ cancelled 0
ℹ skipped 0
ℹ todo 0
ℹ duration_ms 2032.741831
