Script started on 2026-09-23 02:42:56+09:00 [COMMAND="node --test --test-reporter=spec tests/browser-protocol.test.mjs tests/browser-extension-e2e.test.mjs tests/browser-session.test.mjs tests/native-host.test.mjs tests/synthetic-portal.test.mjs tests/browser-crash.test.mjs tests/us-visa-policy.test.mjs tests/us-visa-adapter.test.mjs tests/us-visa-runtime.test.mjs tests/us-visa-unknown.test.mjs tests/us-visa-observation.test.mjs" <not executed on terminal>]
✔ restart before a gesture or after durable intent does not mutate provider state (3.593865ms)
✔ restart after provider mutation, ambiguity, or confirmation never permits a second booking (1.320231ms)
✔ handoff during an awaited gesture invalidates its authorization before any click (6.650944ms)
✔ handoff fences an awaited gesture immediately while the durable pause is still committing (1.774153ms)
✔ manifest content rejects contradictory visa review and booking evidence instead of synthesizing it (31.433216ms)
✔ framed native, background, and compiled content path revokes a delayed gesture before completed handoff (16.598247ms)
✔ compiled content rejects a framed commit after its trusted operation deadline (126.30343ms)
✔ an expired compiled intent commit leaves no late intent value or gesture (24.213198ms)
✔ abort is acknowledged in compiled content before a delayed framed commit (8.851818ms)
✔ original deadline and cancellation overtake a commit held between background and content (210.140061ms)
✔ acknowledged revoke settles a held commit before the same native channel resumes (10.233813ms)
✔ framed commit coordinates a held cancelled cancellation acknowledgement (9.606812ms)
✔ framed commit coordinates a held failed cancellation acknowledgement (4.573121ms)
✔ framed commit coordinates a held malformed cancellation acknowledgement (5.344874ms)
✔ framed commit coordinates a held timeout cancellation acknowledgement (103.525191ms)
✔ framed commit coordinates a held settled cancellation acknowledgement (6.101879ms)
✔ compiled content preserves one absolute expiry across delayed prepare delivery (146.914751ms)
✔ compiled content commits the exact form rendered by the loopback portal (48.945609ms)
✔ browser protocol accepts only exact typed inspect and allowlisted gesture messages (4.507036ms)
✔ browser responses are exact, bounded, bound to page state, and exclude sensitive readback (1.763828ms)
✔ extension background independently validates sender and exact native response (2.129887ms)
✔ extension background forwards an exact native request to its bound content tab and wraps the typed result (2.161084ms)
✔ extension background sanitizes only the exact compiled page-contract marker (1.829286ms)
✔ extension background rejects a wrong-version document binding acknowledgement (0.693871ms)
✔ extension protocol rejects empty, nonpositive, and unbounded binding values before dispatch (0.488303ms)
✔ compiled content boundary recognizes adapter fields and clicks one fixed allowlisted target (4.793095ms)
✔ compiled content submits only the exact reviewed slot and durable intent (1.881555ms)
✔ manifest content artifact parses and installs as a classic script (4.382299ms)
✔ actual background and compiled content bind one epoch and revoke a prepared gesture before click (4.802269ms)
✔ compiled content recognizes every advertised typed page snapshot (6.835742ms)
✔ background rebinds an exact sequence baseline when navigation installs a fresh content document (3.459123ms)
✔ background revocation invalidates an operation suspended while binding its document (11.338171ms)
✔ background acknowledges cancellation while a gesture is suspended binding its document (2.054394ms)
✔ background reports settled when cancellation follows forwarded mutation and a late acknowledgement (3.020515ms)
✔ compiled fresh document acknowledges current epoch revocation before any rebind (1.610297ms)
✔ compiled content never revives a revoked epoch from a delayed document bind (5.013306ms)
✔ background retires a delayed bind delivered to a replacement document after revoke (2.505561ms)
✔ session rechecks the trusted fence after awaits and immediately before a gesture (5.376431ms)
✔ final gesture guard rejects cancellation that occurs after authorization (1.353321ms)
✔ navigation wait is fenced by the captured epoch and never replays a committed gesture (11.343849ms)
✔ handoff durably pauses before invalidating ownership and rejects a late response (5.149821ms)
✔ handoff releases a non-settling browser continuation immediately after the durable pause (5.174838ms)
✔ resume creates a fresh epoch only after exact identity subject and terms preflight (1.093892ms)
✔ one registry grants only one exclusive browser epoch per profile (4.15004ms)
✔ an operation from an invalidated epoch cannot regain authorization after resume (1.902996ms)
✔ an operation held in its first fence cannot enter a later resumed epoch (4.400095ms)
✔ failed durable pause faults the epoch until explicit recovery and never releases its worker (2.328185ms)
✔ commit-then-reject pause ambiguity stays faulted without releasing or retrying the worker (0.801943ms)
✔ shutdown during resume preflight permanently cancels reacquisition and releases the profile (1.993402ms)
✔ resume is single-flight and cannot overlap a handoff release (0.900131ms)
✔ native messaging reads a message across arbitrary backpressure-safe chunks (4.17047ms)
✔ native messaging rejects truncated, oversized, and trailing frames with fixed safe errors (8.202879ms)
✔ native messaging waits for a delayed write callback (4.368458ms)
✔ native writer contains callback, destroy, and delayed raw stream errors behind fixed safe failures (397.579075ms)
✔ native transport bounds a stalled write on timeout and close without unhandled rejection (339.541782ms)
✔ native host independently rejects wrong binding and replay before dispatch (2.432822ms)
✔ native host transport sends one framed request and validates the exact framed extension response (5.075439ms)
✔ native transport activates an exact browser binding and commits a gesture only after final authorization (2.612352ms)
✔ native transport can queue an acknowledged revocation behind a prepared gesture without committing it (4.272825ms)
✔ native transport waits for in-flight activation before sending revocation (2.015075ms)
✔ native transport bounds missing responses and fails closed after EOF without accepting late frames (10.584719ms)
✔ native transport rejects type-coerced control acknowledgements before sending an operation (0.704648ms)
✔ native transport rejects every pending exchange when one concurrent write fails (1.517178ms)
✔ native host manifest binds one extension to an absolute executable path (0.437747ms)
✔ synthetic portal exposes every required page/result class without private data (3.231721ms)
✔ calendar pagination, slot race, confirmation, ambiguity, and authoritative readback are deterministic (1.66554ms)
✔ synthetic portal server binds loopback, checks origin, and maps 403/429 states (68.543594ms)
✔ served portal HTML mirrors authoritative state and its fixed form controls complete the workflow (50.522812ms)
✔ every versioned visa page contract accepts only its exact bounded field set (7.066993ms)
✔ pre-submit review is exact and bound to candidate identity roster terms and appointment absence (14.376781ms)
✔ synthetic execution requires a reserved running action, rechecks the fence, and verifies exact readback (5.637994ms)
✔ synthetic execution refuses unreserved, existing-appointment, and drifted preflight states before mutation (2.120613ms)
✔ compiled synthetic page observation is contiguous and every poll restarts from page one (160.518852ms)
✔ compiled page metadata drift and omission cannot produce a narrowing observation (34.011356ms)
✔ final compiled reread rejects duplicate candidate identity and evidence before observation or execution (60.388522ms)
✔ final compiled reread rejects terminal and intermediate pagination contradictions (64.713259ms)
✔ calendar contract changes during gesture stay typed and never click (52.259665ms)
✔ calendar contract changes during gesture.commit stay typed and never click (46.308441ms)
✔ compiled gesture contract rejection preserves trusted fence revocation precedence (5.342099ms)
✔ compiled gesture contract rejection preserves abort precedence (4.82952ms)
✔ compiled gesture.commit contract rejection preserves trusted fence revocation precedence (4.826114ms)
✔ compiled gesture.commit contract rejection preserves abort precedence (4.910821ms)
✔ rendered 403 and 429 navigation destinations remain typed checkpoint observations (26.104858ms)
✔ compiled checkpoint pages preserve distinct paused observation classes (28.749648ms)
✔ read-only disappearance rejects candidate A and a later fresh poll may return distinct candidate B (58.717083ms)
✔ reserved execution rereads page evidence and never selects a replacement candidate (36.609887ms)
✔ visa scope is one exact new Beijing group appointment and rejects prohibited changes (2.959753ms)
✔ visa coverage must be complete, contiguous, fresh-bound, and match identity roster terms and absence (0.913902ms)
✔ visa policy accepts inclusive boundary dates and deterministically selects earliest time with stable tie-break (9.252569ms)
✔ visa policy rejects wrong date location timezone roster and non-unique evidence (1.360322ms)
✔ service runtime executes a real durable reservation through BrowserSession and encrypted intent journal (86.549814ms)
✔ encrypted runtime completes exact visa review, confirmation, and readback through asynchronous HTTP form navigation (208.739799ms)
✔ ambiguous asynchronous HTTP submission restarts verification-only and never replays the form (148.443486ms)
✔ asynchronous HTTP destination timeout stays unknown and never submits after late navigation (348.973275ms)
✔ unexpected fresh HTTP destination fails the exact review contract without submission (97.290212ms)
✔ an expired retained grant cannot dispatch a reserved visa mutation (13.750742ms)
✔ connection revocation while slot selection is awaited prevents visa submission (30.96897ms)
✔ verification-only recovery reads back from the exact ambiguous page state (43.174562ms)
✔ a non-cooperative visa gesture releases the worker and discards late resolve (39.760526ms)
✔ a non-cooperative visa gesture releases the worker and discards late reject (38.432292ms)
✔ a non-cooperative visa readback releases the worker and discards late resolve (86.705191ms)
✔ a non-cooperative visa readback releases the worker and discards late reject (93.032715ms)
✔ journaled visa intent reaches the portal without transport-side provider injection (36.095335ms)
✔ restart after before_submit is verification-only and never submits twice (29.285241ms)
✔ restart after after_submit is verification-only and never submits twice (32.352145ms)
✔ restart after after_confirmation is verification-only and never submits twice (36.584689ms)
✔ an abrupt process restart before_intent durably becomes unknown without replay (18.261884ms)
✔ an abrupt process restart after_intent durably becomes unknown without replay (17.765578ms)
✔ an abrupt process restart after_mutation durably becomes unknown without replay (29.52403ms)
✔ an abrupt process restart after_confirmation durably becomes unknown without replay (28.926082ms)
✔ owner revoke releases held selection and fences its late resolve (29.450109ms)
✔ owner revoke releases held selection and fences its late reject (29.343369ms)
✔ owner revoke between async authority check and final gesture authorization denies the gesture (25.672678ms)
✔ owner revoke after submission retains unknown and explicit exact readback consumes revoked allowance (39.204031ms)
✔ owner revoke during asynchronous HTTP submission stays unknown then verifies without replay (130.748033ms)
✔ revoked non-cooperative adapter denies late confirmation and consumes late resolve (20.667605ms)
✔ revoked non-cooperative adapter denies late confirmation and consumes late reject (19.280903ms)
✔ revoked reservation retains unknown on empty readback (15.588861ms)
✔ revoked reservation retains unknown on wrong readback (17.323585ms)
✔ revoked reservation retains unknown on incomplete readback (14.272214ms)
✔ ambiguous submission is unknown and verification-only; the executor never submits twice (5.56945ms)
✔ verification requires exact reference status Beijing date time and complete roster (2.981225ms)
✔ verification-only recovery requires the exact retained adapter and grant binding (1.334403ms)
✔ confirmation and authoritative appointment readback are distinct and retain one reference (0.813661ms)
✔ a thrown transport error after submit is fixed unknown and never exposes or retries it (1.199341ms)
✔ repository ships no live native-host registration (0.373351ms)
ℹ tests 126
ℹ suites 0
ℹ pass 126
ℹ fail 0
ℹ cancelled 0
ℹ skipped 0
ℹ todo 0
ℹ duration_ms 2384.884774

Script done on 2026-09-23 02:42:59+09:00 [COMMAND_EXIT_CODE="0"]
