Script started on 2026-09-23 02:11:57+09:00 [COMMAND="node --test --test-reporter=spec tests/browser-protocol.test.mjs tests/browser-extension-e2e.test.mjs tests/browser-session.test.mjs tests/native-host.test.mjs tests/synthetic-portal.test.mjs tests/browser-crash.test.mjs tests/us-visa-policy.test.mjs tests/us-visa-adapter.test.mjs tests/us-visa-runtime.test.mjs tests/us-visa-unknown.test.mjs tests/us-visa-observation.test.mjs" <not executed on terminal>]
✔ restart before a gesture or after durable intent does not mutate provider state (2.261616ms)
✔ restart after provider mutation, ambiguity, or confirmation never permits a second booking (1.736006ms)
✔ handoff during an awaited gesture invalidates its authorization before any click (4.34991ms)
✔ handoff fences an awaited gesture immediately while the durable pause is still committing (1.465089ms)
✔ manifest content rejects contradictory visa review and booking evidence instead of synthesizing it (26.040564ms)
✔ framed native, background, and compiled content path revokes a delayed gesture before completed handoff (13.920518ms)
✔ compiled content rejects a framed commit after its trusted operation deadline (125.873277ms)
✔ an expired compiled intent commit leaves no late intent value or gesture (22.994015ms)
✔ abort is acknowledged in compiled content before a delayed framed commit (5.756331ms)
✔ original deadline and cancellation overtake a commit held between background and content (211.76982ms)
✔ acknowledged revoke settles a held commit before the same native channel resumes (6.340489ms)
✔ framed commit coordinates a held cancelled cancellation acknowledgement (10.994064ms)
✔ framed commit coordinates a held failed cancellation acknowledgement (5.679607ms)
✔ framed commit coordinates a held malformed cancellation acknowledgement (8.138478ms)
✔ framed commit coordinates a held timeout cancellation acknowledgement (103.689845ms)
✔ framed commit coordinates a held settled cancellation acknowledgement (13.533211ms)
✔ compiled content preserves one absolute expiry across delayed prepare delivery (146.669658ms)
✔ compiled content commits the exact form rendered by the loopback portal (47.261672ms)
✔ browser protocol accepts only exact typed inspect and allowlisted gesture messages (4.281799ms)
✔ browser responses are exact, bounded, bound to page state, and exclude sensitive readback (1.860202ms)
✔ extension background independently validates sender and exact native response (1.595134ms)
✔ extension background forwards an exact native request to its bound content tab and wraps the typed result (1.642396ms)
✔ extension background sanitizes only the exact compiled page-contract marker (1.303557ms)
✔ extension background rejects a wrong-version document binding acknowledgement (0.520721ms)
✔ extension protocol rejects empty, nonpositive, and unbounded binding values before dispatch (0.461863ms)
✔ compiled content boundary recognizes adapter fields and clicks one fixed allowlisted target (4.501858ms)
✔ compiled content submits only the exact reviewed slot and durable intent (1.865962ms)
✔ manifest content artifact parses and installs as a classic script (1.190117ms)
✔ actual background and compiled content bind one epoch and revoke a prepared gesture before click (3.45055ms)
✔ compiled content recognizes every advertised typed page snapshot (6.327229ms)
✔ background rebinds an exact sequence baseline when navigation installs a fresh content document (3.224601ms)
✔ background revocation invalidates an operation suspended while binding its document (7.712578ms)
✔ background acknowledges cancellation while a gesture is suspended binding its document (1.356767ms)
✔ background reports settled when cancellation follows forwarded mutation and a late acknowledgement (3.020455ms)
✔ compiled fresh document acknowledges current epoch revocation before any rebind (2.265361ms)
✔ compiled content never revives a revoked epoch from a delayed document bind (4.553045ms)
✔ background retires a delayed bind delivered to a replacement document after revoke (3.110479ms)
✔ session rechecks the trusted fence after awaits and immediately before a gesture (5.350492ms)
✔ final gesture guard rejects cancellation that occurs after authorization (1.088774ms)
✔ navigation wait is fenced by the captured epoch and never replays a committed gesture (7.597196ms)
✔ handoff durably pauses before invalidating ownership and rejects a late response (2.375676ms)
✔ handoff releases a non-settling browser continuation immediately after the durable pause (2.816529ms)
✔ resume creates a fresh epoch only after exact identity subject and terms preflight (1.660373ms)
✔ one registry grants only one exclusive browser epoch per profile (1.357108ms)
✔ an operation from an invalidated epoch cannot regain authorization after resume (3.203239ms)
✔ an operation held in its first fence cannot enter a later resumed epoch (1.073532ms)
✔ failed durable pause faults the epoch until explicit recovery and never releases its worker (1.069516ms)
✔ commit-then-reject pause ambiguity stays faulted without releasing or retrying the worker (0.77284ms)
✔ shutdown during resume preflight permanently cancels reacquisition and releases the profile (1.537178ms)
✔ resume is single-flight and cannot overlap a handoff release (1.994289ms)
✔ native messaging reads a message across arbitrary backpressure-safe chunks (4.30911ms)
✔ native messaging rejects truncated, oversized, and trailing frames with fixed safe errors (4.737262ms)
✔ native messaging waits for a delayed write callback (3.878432ms)
✔ native writer contains callback, destroy, and delayed raw stream errors behind fixed safe failures (385.495666ms)
✔ native transport bounds a stalled write on timeout and close without unhandled rejection (333.411419ms)
✔ native host independently rejects wrong binding and replay before dispatch (2.470148ms)
✔ native host transport sends one framed request and validates the exact framed extension response (2.676998ms)
✔ native transport activates an exact browser binding and commits a gesture only after final authorization (2.440944ms)
✔ native transport can queue an acknowledged revocation behind a prepared gesture without committing it (5.711234ms)
✔ native transport waits for in-flight activation before sending revocation (2.109136ms)
✔ native transport bounds missing responses and fails closed after EOF without accepting late frames (11.426023ms)
✔ native transport rejects type-coerced control acknowledgements before sending an operation (0.77987ms)
✔ native transport rejects every pending exchange when one concurrent write fails (1.556527ms)
✔ native host manifest binds one extension to an absolute executable path (0.234893ms)
✔ synthetic portal exposes every required page/result class without private data (3.231941ms)
✔ calendar pagination, slot race, confirmation, ambiguity, and authoritative readback are deterministic (1.018789ms)
✔ synthetic portal server binds loopback, checks origin, and maps 403/429 states (53.186255ms)
✔ served portal HTML mirrors authoritative state and its fixed form controls complete the workflow (45.801955ms)
✔ every versioned visa page contract accepts only its exact bounded field set (5.896362ms)
✔ pre-submit review is exact and bound to candidate identity roster terms and appointment absence (6.054089ms)
✔ synthetic execution requires a reserved running action, rechecks the fence, and verifies exact readback (1.020782ms)
✔ synthetic execution refuses unreserved, existing-appointment, and drifted preflight states before mutation (1.13886ms)
✔ compiled synthetic page observation is contiguous and every poll restarts from page one (162.635026ms)
✔ compiled page metadata drift and omission cannot produce a narrowing observation (34.594474ms)
✔ final compiled reread rejects duplicate candidate identity and evidence before observation or execution (47.574727ms)
✔ final compiled reread rejects terminal and intermediate pagination contradictions (51.811803ms)
✔ rendered 403 and 429 navigation destinations remain typed checkpoint observations (24.137631ms)
✔ compiled checkpoint pages preserve distinct paused observation classes (32.529535ms)
✔ read-only disappearance rejects candidate A and a later fresh poll may return distinct candidate B (84.84561ms)
✔ reserved execution rereads page evidence and never selects a replacement candidate (37.61517ms)
✔ visa scope is one exact new Beijing group appointment and rejects prohibited changes (3.072032ms)
✔ visa coverage must be complete, contiguous, fresh-bound, and match identity roster terms and absence (0.947171ms)
✔ visa policy accepts inclusive boundary dates and deterministically selects earliest time with stable tie-break (10.8245ms)
✔ visa policy rejects wrong date location timezone roster and non-unique evidence (1.206962ms)
✔ service runtime executes a real durable reservation through BrowserSession and encrypted intent journal (70.76758ms)
✔ encrypted runtime completes exact visa review, confirmation, and readback through asynchronous HTTP form navigation (200.611398ms)
✔ ambiguous asynchronous HTTP submission restarts verification-only and never replays the form (186.76733ms)
✔ asynchronous HTTP destination timeout stays unknown and never submits after late navigation (352.051292ms)
✔ unexpected fresh HTTP destination fails the exact review contract without submission (92.344582ms)
✔ an expired retained grant cannot dispatch a reserved visa mutation (14.336171ms)
✔ connection revocation while slot selection is awaited prevents visa submission (32.141803ms)
✔ verification-only recovery reads back from the exact ambiguous page state (42.623959ms)
✔ a non-cooperative visa gesture releases the worker and discards late resolve (36.013365ms)
✔ a non-cooperative visa gesture releases the worker and discards late reject (36.868118ms)
✔ a non-cooperative visa readback releases the worker and discards late resolve (84.633436ms)
✔ a non-cooperative visa readback releases the worker and discards late reject (83.196784ms)
✔ journaled visa intent reaches the portal without transport-side provider injection (35.032533ms)
✔ restart after before_submit is verification-only and never submits twice (27.598011ms)
✔ restart after after_submit is verification-only and never submits twice (29.5951ms)
✔ restart after after_confirmation is verification-only and never submits twice (33.230177ms)
✔ an abrupt process restart before_intent durably becomes unknown without replay (15.191066ms)
✔ an abrupt process restart after_intent durably becomes unknown without replay (16.63325ms)
✔ an abrupt process restart after_mutation durably becomes unknown without replay (28.768008ms)
✔ an abrupt process restart after_confirmation durably becomes unknown without replay (30.15502ms)
✔ owner revoke releases held selection and fences its late resolve (33.038589ms)
✔ owner revoke releases held selection and fences its late reject (25.731199ms)
✔ owner revoke between async authority check and final gesture authorization denies the gesture (32.395139ms)
✔ owner revoke after submission retains unknown and explicit exact readback consumes revoked allowance (39.36694ms)
✔ owner revoke during asynchronous HTTP submission stays unknown then verifies without replay (116.440085ms)
✔ revoked non-cooperative adapter denies late confirmation and consumes late resolve (18.364109ms)
✔ revoked non-cooperative adapter denies late confirmation and consumes late reject (19.134967ms)
✔ revoked reservation retains unknown on empty readback (16.735114ms)
✔ revoked reservation retains unknown on wrong readback (19.613855ms)
✔ revoked reservation retains unknown on incomplete readback (19.211171ms)
✔ ambiguous submission is unknown and verification-only; the executor never submits twice (4.527657ms)
✔ verification requires exact reference status Beijing date time and complete roster (0.970117ms)
✔ verification-only recovery requires the exact retained adapter and grant binding (0.811648ms)
✔ confirmation and authoritative appointment readback are distinct and retain one reference (0.651027ms)
✔ a thrown transport error after submit is fixed unknown and never exposes or retries it (0.564938ms)
✔ repository ships no live native-host registration (0.252539ms)
ℹ tests 120
ℹ suites 0
ℹ pass 120
ℹ fail 0
ℹ cancelled 0
ℹ skipped 0
ℹ todo 0
ℹ duration_ms 2304.23288

Script done on 2026-09-23 02:11:59+09:00 [COMMAND_EXIT_CODE="0"]
