COMMAND="npm run build && node --test --test-reporter=spec --test-name-pattern='after final projection construction' tests/monitoring-service.test.mjs"

npm warn Unknown env config "http-proxy". This will stop working in the next major version of npm.

> behalvo@0.2.1 build
> tsc -p tsconfig.json && tsc -p tsconfig.extension.json && tsc -p tsconfig.extension-content.json && node scripts/copy-control-assets.mjs

✖ scheduled admission checks freshness after final projection construction (19.000857ms)
ℹ tests 1
ℹ suites 0
ℹ pass 0
ℹ fail 1
ℹ cancelled 0
ℹ skipped 0
ℹ todo 0
ℹ duration_ms 144.951523

✖ failing tests:

test at tests/monitoring-service.test.mjs:901:1
✖ scheduled admission checks freshness after final projection construction (19.000857ms)
  AssertionError [ERR_ASSERTION]: Missing expected rejection.
      at async TestContext.<anonymous> (file:///workspace/scratch/871e778ff34c/behalvo-published/.worktrees/monitored-actions/tests/monitoring-service.test.mjs:921:3)
      at async Test.run (node:internal/test_runner/test:1389:7)
      at async startSubtestAfterBootstrap (node:internal/test_runner/harness:387:3) {
    generatedMessage: false,
    code: 'ERR_ASSERTION',
    actual: undefined,
    expected: /fresh|stale/i,
    operator: 'rejects',
    diff: 'simple'
  }

COMMAND_EXIT_CODE="1"
