Script started on 2026-09-23 02:31:22+09:00 [COMMAND="node --test --test-reporter=spec tests/browser-protocol.test.mjs tests/browser-extension-e2e.test.mjs tests/browser-session.test.mjs tests/native-host.test.mjs tests/synthetic-portal.test.mjs tests/browser-crash.test.mjs tests/us-visa-policy.test.mjs tests/us-visa-adapter.test.mjs tests/us-visa-runtime.test.mjs tests/us-visa-unknown.test.mjs tests/us-visa-observation.test.mjs" <not executed on terminal>]
✔ restart before a gesture or after durable intent does not mutate provider state (3.770737ms)
✔ restart after provider mutation, ambiguity, or confirmation never permits a second booking (2.049339ms)
✔ handoff during an awaited gesture invalidates its authorization before any click (6.225195ms)
✔ handoff fences an awaited gesture immediately while the durable pause is still committing (1.877432ms)
✔ manifest content rejects contradictory visa review and booking evidence instead of synthesizing it (40.208574ms)
✔ framed native, background, and compiled content path revokes a delayed gesture before completed handoff (18.30015ms)
✔ compiled content rejects a framed commit after its trusted operation deadline (133.865952ms)
✔ an expired compiled intent commit leaves no late intent value or gesture (90.982335ms)
✔ abort is acknowledged in compiled content before a delayed framed commit (6.916028ms)
✔ original deadline and cancellation overtake a commit held between background and content (212.918319ms)
✔ acknowledged revoke settles a held commit before the same native channel resumes (9.742094ms)
✔ framed commit coordinates a held cancelled cancellation acknowledgement (10.263533ms)
✔ framed commit coordinates a held failed cancellation acknowledgement (5.119574ms)
✔ framed commit coordinates a held malformed cancellation acknowledgement (12.385602ms)
✔ framed commit coordinates a held timeout cancellation acknowledgement (106.796754ms)
✔ framed commit coordinates a held settled cancellation acknowledgement (9.907659ms)
✔ compiled content preserves one absolute expiry across delayed prepare delivery (147.435323ms)
✔ compiled content commits the exact form rendered by the loopback portal (52.990582ms)
✔ browser protocol accepts only exact typed inspect and allowlisted gesture messages (4.314284ms)
✔ browser responses are exact, bounded, bound to page state, and exclude sensitive readback (1.955699ms)
✔ extension background independently validates sender and exact native response (1.737522ms)
✔ extension background forwards an exact native request to its bound content tab and wraps the typed result (2.122009ms)
✔ extension background sanitizes only the exact compiled page-contract marker (1.369538ms)
✔ extension background rejects a wrong-version document binding acknowledgement (0.510317ms)
✔ extension protocol rejects empty, nonpositive, and unbounded binding values before dispatch (1.294535ms)
✔ compiled content boundary recognizes adapter fields and clicks one fixed allowlisted target (4.760444ms)
✔ compiled content submits only the exact reviewed slot and durable intent (1.903149ms)
✔ manifest content artifact parses and installs as a classic script (1.143799ms)
✔ actual background and compiled content bind one epoch and revoke a prepared gesture before click (6.258084ms)
✔ compiled content recognizes every advertised typed page snapshot (6.027408ms)
✔ background rebinds an exact sequence baseline when navigation installs a fresh content document (3.190164ms)
✔ background revocation invalidates an operation suspended while binding its document (9.930052ms)
✔ background acknowledges cancellation while a gesture is suspended binding its document (1.51079ms)
✔ background reports settled when cancellation follows forwarded mutation and a late acknowledgement (2.920178ms)
✔ compiled fresh document acknowledges current epoch revocation before any rebind (2.374128ms)
✔ compiled content never revives a revoked epoch from a delayed document bind (11.946993ms)
✔ background retires a delayed bind delivered to a replacement document after revoke (4.123947ms)
✔ session rechecks the trusted fence after awaits and immediately before a gesture (5.525774ms)
✔ final gesture guard rejects cancellation that occurs after authorization (1.195556ms)
✔ navigation wait is fenced by the captured epoch and never replays a committed gesture (15.919593ms)
✔ handoff durably pauses before invalidating ownership and rejects a late response (2.342621ms)
✔ handoff releases a non-settling browser continuation immediately after the durable pause (4.037267ms)
✔ resume creates a fresh epoch only after exact identity subject and terms preflight (1.23766ms)
✔ one registry grants only one exclusive browser epoch per profile (2.499296ms)
✔ an operation from an invalidated epoch cannot regain authorization after resume (7.907313ms)
✔ an operation held in its first fence cannot enter a later resumed epoch (1.460695ms)
✔ failed durable pause faults the epoch until explicit recovery and never releases its worker (1.020343ms)
✔ commit-then-reject pause ambiguity stays faulted without releasing or retrying the worker (0.983277ms)
✔ shutdown during resume preflight permanently cancels reacquisition and releases the profile (1.75712ms)
✔ resume is single-flight and cannot overlap a handoff release (1.522007ms)
✔ native messaging reads a message across arbitrary backpressure-safe chunks (4.639031ms)
✔ native messaging rejects truncated, oversized, and trailing frames with fixed safe errors (8.834977ms)
✔ native messaging waits for a delayed write callback (5.682139ms)
✔ native writer contains callback, destroy, and delayed raw stream errors behind fixed safe failures (492.327686ms)
✔ native transport bounds a stalled write on timeout and close without unhandled rejection (359.526582ms)
✔ native host independently rejects wrong binding and replay before dispatch (2.976629ms)
✔ native host transport sends one framed request and validates the exact framed extension response (3.096889ms)
✔ native transport activates an exact browser binding and commits a gesture only after final authorization (3.771172ms)
✔ native transport can queue an acknowledged revocation behind a prepared gesture without committing it (2.222496ms)
✔ native transport waits for in-flight activation before sending revocation (2.727135ms)
✔ native transport bounds missing responses and fails closed after EOF without accepting late frames (11.486766ms)
✔ native transport rejects type-coerced control acknowledgements before sending an operation (0.682224ms)
✔ native transport rejects every pending exchange when one concurrent write fails (1.874865ms)
✔ native host manifest binds one extension to an absolute executable path (0.29299ms)
✔ synthetic portal exposes every required page/result class without private data (3.168091ms)
✔ calendar pagination, slot race, confirmation, ambiguity, and authoritative readback are deterministic (1.365202ms)
✔ synthetic portal server binds loopback, checks origin, and maps 403/429 states (63.806025ms)
✔ served portal HTML mirrors authoritative state and its fixed form controls complete the workflow (53.366998ms)
✔ every versioned visa page contract accepts only its exact bounded field set (2.086726ms)
✔ pre-submit review is exact and bound to candidate identity roster terms and appointment absence (8.216952ms)
✔ synthetic execution requires a reserved running action, rechecks the fence, and verifies exact readback (1.141045ms)
✔ synthetic execution refuses unreserved, existing-appointment, and drifted preflight states before mutation (3.025978ms)
✔ compiled synthetic page observation is contiguous and every poll restarts from page one (172.458067ms)
✔ compiled page metadata drift and omission cannot produce a narrowing observation (48.001129ms)
✔ final compiled reread rejects duplicate candidate identity and evidence before observation or execution (61.189297ms)
✔ final compiled reread rejects terminal and intermediate pagination contradictions (92.479464ms)
✔ calendar contract changes during gesture stay typed and never click (50.298076ms)
✔ calendar contract changes during gesture.commit stay typed and never click (41.061255ms)
✔ rendered 403 and 429 navigation destinations remain typed checkpoint observations (33.254789ms)
✔ compiled checkpoint pages preserve distinct paused observation classes (25.502013ms)
✔ read-only disappearance rejects candidate A and a later fresh poll may return distinct candidate B (63.153033ms)
✔ reserved execution rereads page evidence and never selects a replacement candidate (36.307402ms)
✔ visa scope is one exact new Beijing group appointment and rejects prohibited changes (2.692256ms)
✔ visa coverage must be complete, contiguous, fresh-bound, and match identity roster terms and absence (0.870428ms)
✔ visa policy accepts inclusive boundary dates and deterministically selects earliest time with stable tie-break (10.350965ms)
✔ visa policy rejects wrong date location timezone roster and non-unique evidence (1.135186ms)
✔ service runtime executes a real durable reservation through BrowserSession and encrypted intent journal (98.999777ms)
✔ encrypted runtime completes exact visa review, confirmation, and readback through asynchronous HTTP form navigation (210.565532ms)
✔ ambiguous asynchronous HTTP submission restarts verification-only and never replays the form (174.793786ms)
✔ asynchronous HTTP destination timeout stays unknown and never submits after late navigation (349.671249ms)
✔ unexpected fresh HTTP destination fails the exact review contract without submission (94.691344ms)
✔ an expired retained grant cannot dispatch a reserved visa mutation (17.205963ms)
✔ connection revocation while slot selection is awaited prevents visa submission (28.504276ms)
✔ verification-only recovery reads back from the exact ambiguous page state (46.354547ms)
✔ a non-cooperative visa gesture releases the worker and discards late resolve (36.242935ms)
✔ a non-cooperative visa gesture releases the worker and discards late reject (39.199278ms)
✔ a non-cooperative visa readback releases the worker and discards late resolve (88.820465ms)
✔ a non-cooperative visa readback releases the worker and discards late reject (87.288014ms)
✔ journaled visa intent reaches the portal without transport-side provider injection (33.900077ms)
✔ restart after before_submit is verification-only and never submits twice (27.287649ms)
✔ restart after after_submit is verification-only and never submits twice (34.761837ms)
✔ restart after after_confirmation is verification-only and never submits twice (32.321147ms)
✔ an abrupt process restart before_intent durably becomes unknown without replay (17.028087ms)
✔ an abrupt process restart after_intent durably becomes unknown without replay (17.366043ms)
✔ an abrupt process restart after_mutation durably becomes unknown without replay (25.525053ms)
✔ an abrupt process restart after_confirmation durably becomes unknown without replay (27.46762ms)
✔ owner revoke releases held selection and fences its late resolve (32.900337ms)
✔ owner revoke releases held selection and fences its late reject (26.710273ms)
✔ owner revoke between async authority check and final gesture authorization denies the gesture (24.314185ms)
✔ owner revoke after submission retains unknown and explicit exact readback consumes revoked allowance (37.090387ms)
✔ owner revoke during asynchronous HTTP submission stays unknown then verifies without replay (114.681733ms)
✔ revoked non-cooperative adapter denies late confirmation and consumes late resolve (16.152692ms)
✔ revoked non-cooperative adapter denies late confirmation and consumes late reject (15.731779ms)
✔ revoked reservation retains unknown on empty readback (15.235694ms)
✔ revoked reservation retains unknown on wrong readback (17.55692ms)
✔ revoked reservation retains unknown on incomplete readback (16.968547ms)
✔ ambiguous submission is unknown and verification-only; the executor never submits twice (4.329406ms)
✔ verification requires exact reference status Beijing date time and complete roster (1.381907ms)
✔ verification-only recovery requires the exact retained adapter and grant binding (1.008446ms)
✔ confirmation and authoritative appointment readback are distinct and retain one reference (0.892641ms)
✔ a thrown transport error after submit is fixed unknown and never exposes or retries it (0.848535ms)
✔ repository ships no live native-host registration (2.268198ms)
ℹ tests 122
ℹ suites 0
ℹ pass 122
ℹ fail 0
ℹ cancelled 0
ℹ skipped 0
ℹ todo 0
ℹ duration_ms 2395.358761

Script done on 2026-09-23 02:31:24+09:00 [COMMAND_EXIT_CODE="0"]
